---
source: timeline-core/src/sessions.rs
expression: out.blocks
---
[
    SessionBlock {
        conv: 0,
        start: 2026-01-01T09:00:00Z,
        end: 2026-01-01T09:07:00Z,
        duration_sec: 420,
        count: 3,
    },
    SessionBlock {
        conv: 0,
        start: 2026-01-01T09:27:00Z,
        end: 2026-01-01T09:27:00Z,
        duration_sec: 0,
        count: 1,
    },
    SessionBlock {
        conv: 0,
        start: 2026-01-02T10:00:00Z,
        end: 2026-01-02T10:02:00Z,
        duration_sec: 120,
        count: 2,
    },
    SessionBlock {
        conv: 0,
        start: 2026-01-02T10:17:00Z,
        end: 2026-01-02T10:17:00Z,
        duration_sec: 0,
        count: 1,
    },
]
